// Jest Snapshot v1, https://goo.gl/fbAQLP

exports[`RecipeCard renders a recipe card 1`] = `
{
  "asFragment": [Function],
  "baseElement": <body>
    <div>
      <div
        class="border"
      >
        <div
          class="MuiPaper-root MuiPaper-elevation MuiPaper-rounded MuiPaper-elevation1 MuiCard-root css-hkt56i-MuiPaper-root-MuiCard-root"
        >
          <button
            class="MuiButtonBase-root MuiCardActionArea-root css-fc0uie-MuiButtonBase-root-MuiCardActionArea-root"
            tabindex="0"
            type="button"
          >
            <img
              alt="tasty food"
              data-nimg="1"
              decoding="async"
              height="0"
              loading="lazy"
              sizes="100vw"
              src="/_next/image?url=https%3A%2F%2Fwww.themealdb.com%2Fimages%2Fmedia%2Fmeals%2Fvdwloy1713225718.jpg&w=3840&q=75"
              srcset="/_next/image?url=https%3A%2F%2Fwww.themealdb.com%2Fimages%2Fmedia%2Fmeals%2Fvdwloy1713225718.jpg&w=640&q=75 640w, /_next/image?url=https%3A%2F%2Fwww.themealdb.com%2Fimages%2Fmedia%2Fmeals%2Fvdwloy1713225718.jpg&w=750&q=75 750w, /_next/image?url=https%3A%2F%2Fwww.themealdb.com%2Fimages%2Fmedia%2Fmeals%2Fvdwloy1713225718.jpg&w=828&q=75 828w, /_next/image?url=https%3A%2F%2Fwww.themealdb.com%2Fimages%2Fmedia%2Fmeals%2Fvdwloy1713225718.jpg&w=1080&q=75 1080w, /_next/image?url=https%3A%2F%2Fwww.themealdb.com%2Fimages%2Fmedia%2Fmeals%2Fvdwloy1713225718.jpg&w=1200&q=75 1200w, /_next/image?url=https%3A%2F%2Fwww.themealdb.com%2Fimages%2Fmedia%2Fmeals%2Fvdwloy1713225718.jpg&w=1920&q=75 1920w, /_next/image?url=https%3A%2F%2Fwww.themealdb.com%2Fimages%2Fmedia%2Fmeals%2Fvdwloy1713225718.jpg&w=2048&q=75 2048w, /_next/image?url=https%3A%2F%2Fwww.themealdb.com%2Fimages%2Fmedia%2Fmeals%2Fvdwloy1713225718.jpg&w=3840&q=75 3840w"
              style="color: transparent; padding: 0px; height: 80%; width: 99%; margin-left: auto; margin-right: auto; opacity: 0;"
              width="0"
            />
            <span
              class="MuiCircularProgress-root MuiCircularProgress-indeterminate MuiCircularProgress-colorPrimary css-wztkbh-MuiCircularProgress-root"
              role="progressbar"
              style="width: 40px; height: 40px;"
            >
              <svg
                class="MuiCircularProgress-svg css-1idz92c-MuiCircularProgress-svg"
                viewBox="22 22 44 44"
              >
                <circle
                  class="MuiCircularProgress-circle MuiCircularProgress-circleIndeterminate css-176wh8e-MuiCircularProgress-circle"
                  cx="44"
                  cy="44"
                  fill="none"
                  r="20.2"
                  stroke-width="3.6"
                />
              </svg>
            </span>
            <div
              class="MuiCardContent-root css-vdr7nf-MuiCardContent-root"
            >
              <span
                class="recipeName"
                style="word-wrap: break-word; white-space: pre-line; text-align: center; width: 100%; word-spacing: normal; letter-spacing: normal; color: white;"
              >
                15-minute chicken & halloumi burgers
              </span>
            </div>
            <span
              class="MuiCardActionArea-focusHighlight css-1v2exvi-MuiCardActionArea-focusHighlight"
            />
            <span
              class="MuiTouchRipple-root css-8je8zh-MuiTouchRipple-root"
            />
          </button>
        </div>
      </div>
    </div>
  </body>,
  "container": <div>
    <div
      class="border"
    >
      <div
        class="MuiPaper-root MuiPaper-elevation MuiPaper-rounded MuiPaper-elevation1 MuiCard-root css-hkt56i-MuiPaper-root-MuiCard-root"
      >
        <button
          class="MuiButtonBase-root MuiCardActionArea-root css-fc0uie-MuiButtonBase-root-MuiCardActionArea-root"
          tabindex="0"
          type="button"
        >
          <img
            alt="tasty food"
            data-nimg="1"
            decoding="async"
            height="0"
            loading="lazy"
            sizes="100vw"
            src="/_next/image?url=https%3A%2F%2Fwww.themealdb.com%2Fimages%2Fmedia%2Fmeals%2Fvdwloy1713225718.jpg&w=3840&q=75"
            srcset="/_next/image?url=https%3A%2F%2Fwww.themealdb.com%2Fimages%2Fmedia%2Fmeals%2Fvdwloy1713225718.jpg&w=640&q=75 640w, /_next/image?url=https%3A%2F%2Fwww.themealdb.com%2Fimages%2Fmedia%2Fmeals%2Fvdwloy1713225718.jpg&w=750&q=75 750w, /_next/image?url=https%3A%2F%2Fwww.themealdb.com%2Fimages%2Fmedia%2Fmeals%2Fvdwloy1713225718.jpg&w=828&q=75 828w, /_next/image?url=https%3A%2F%2Fwww.themealdb.com%2Fimages%2Fmedia%2Fmeals%2Fvdwloy1713225718.jpg&w=1080&q=75 1080w, /_next/image?url=https%3A%2F%2Fwww.themealdb.com%2Fimages%2Fmedia%2Fmeals%2Fvdwloy1713225718.jpg&w=1200&q=75 1200w, /_next/image?url=https%3A%2F%2Fwww.themealdb.com%2Fimages%2Fmedia%2Fmeals%2Fvdwloy1713225718.jpg&w=1920&q=75 1920w, /_next/image?url=https%3A%2F%2Fwww.themealdb.com%2Fimages%2Fmedia%2Fmeals%2Fvdwloy1713225718.jpg&w=2048&q=75 2048w, /_next/image?url=https%3A%2F%2Fwww.themealdb.com%2Fimages%2Fmedia%2Fmeals%2Fvdwloy1713225718.jpg&w=3840&q=75 3840w"
            style="color: transparent; padding: 0px; height: 80%; width: 99%; margin-left: auto; margin-right: auto; opacity: 0;"
            width="0"
          />
          <span
            class="MuiCircularProgress-root MuiCircularProgress-indeterminate MuiCircularProgress-colorPrimary css-wztkbh-MuiCircularProgress-root"
            role="progressbar"
            style="width: 40px; height: 40px;"
          >
            <svg
              class="MuiCircularProgress-svg css-1idz92c-MuiCircularProgress-svg"
              viewBox="22 22 44 44"
            >
              <circle
                class="MuiCircularProgress-circle MuiCircularProgress-circleIndeterminate css-176wh8e-MuiCircularProgress-circle"
                cx="44"
                cy="44"
                fill="none"
                r="20.2"
                stroke-width="3.6"
              />
            </svg>
          </span>
          <div
            class="MuiCardContent-root css-vdr7nf-MuiCardContent-root"
          >
            <span
              class="recipeName"
              style="word-wrap: break-word; white-space: pre-line; text-align: center; width: 100%; word-spacing: normal; letter-spacing: normal; color: white;"
            >
              15-minute chicken & halloumi burgers
            </span>
          </div>
          <span
            class="MuiCardActionArea-focusHighlight css-1v2exvi-MuiCardActionArea-focusHighlight"
          />
          <span
            class="MuiTouchRipple-root css-8je8zh-MuiTouchRipple-root"
          />
        </button>
      </div>
    </div>
  </div>,
  "debug": [Function],
  "findAllByAltText": [Function],
  "findAllByDisplayValue": [Function],
  "findAllByLabelText": [Function],
  "findAllByPlaceholderText": [Function],
  "findAllByRole": [Function],
  "findAllByTestId": [Function],
  "findAllByText": [Function],
  "findAllByTitle": [Function],
  "findByAltText": [Function],
  "findByDisplayValue": [Function],
  "findByLabelText": [Function],
  "findByPlaceholderText": [Function],
  "findByRole": [Function],
  "findByTestId": [Function],
  "findByText": [Function],
  "findByTitle": [Function],
  "getAllByAltText": [Function],
  "getAllByDisplayValue": [Function],
  "getAllByLabelText": [Function],
  "getAllByPlaceholderText": [Function],
  "getAllByRole": [Function],
  "getAllByTestId": [Function],
  "getAllByText": [Function],
  "getAllByTitle": [Function],
  "getByAltText": [Function],
  "getByDisplayValue": [Function],
  "getByLabelText": [Function],
  "getByPlaceholderText": [Function],
  "getByRole": [Function],
  "getByTestId": [Function],
  "getByText": [Function],
  "getByTitle": [Function],
  "queryAllByAltText": [Function],
  "queryAllByDisplayValue": [Function],
  "queryAllByLabelText": [Function],
  "queryAllByPlaceholderText": [Function],
  "queryAllByRole": [Function],
  "queryAllByTestId": [Function],
  "queryAllByText": [Function],
  "queryAllByTitle": [Function],
  "queryByAltText": [Function],
  "queryByDisplayValue": [Function],
  "queryByLabelText": [Function],
  "queryByPlaceholderText": [Function],
  "queryByRole": [Function],
  "queryByTestId": [Function],
  "queryByText": [Function],
  "queryByTitle": [Function],
  "rerender": [Function],
  "unmount": [Function],
}
`;
